Release 14.7 - xst P.20131013 (lin64)
Copyright (c) 1995-2013 Xilinx, Inc.  All rights reserved.
--> 
Parameter TMPDIR set to xst/projnav.tmp


Total REAL time to Xst completion: 0.00 secs
Total CPU time to Xst completion: 0.03 secs
 
--> 
Parameter xsthdpdir set to xst


Total REAL time to Xst completion: 0.00 secs
Total CPU time to Xst completion: 0.03 secs
 
--> 
Reading design: scheme_1.prj

TABLE OF CONTENTS
  1) Synthesis Options Summary
  2) HDL Parsing
  3) HDL Elaboration
  4) HDL Synthesis
       4.1) HDL Synthesis Report
  5) Advanced HDL Synthesis
       5.1) Advanced HDL Synthesis Report
  6) Low Level Synthesis
  7) Partition Report
  8) Design Summary
       8.1) Primitive and Black Box Usage
       8.2) Device utilization summary
       8.3) Partition Resource Summary
       8.4) Timing Report
            8.4.1) Clock Information
            8.4.2) Asynchronous Control Signals Information
            8.4.3) Timing Summary
            8.4.4) Timing Details
            8.4.5) Cross Clock Domains Report


=========================================================================
*                      Synthesis Options Summary                        *
=========================================================================
---- Source Parameters
Input File Name                    : "scheme_1.prj"
Ignore Synthesis Constraint File   : NO

---- Target Parameters
Output File Name                   : "scheme_1"
Output Format                      : NGC
Target Device                      : xc7a100t-3-csg324

---- Source Options
Top Module Name                    : scheme_1
Automatic FSM Extraction           : YES
FSM Encoding Algorithm             : Auto
Safe Implementation                : No
FSM Style                          : LUT
RAM Extraction                     : Yes
RAM Style                          : Auto
ROM Extraction                     : Yes
Shift Register Extraction          : YES
ROM Style                          : Auto
Resource Sharing                   : YES
Asynchronous To Synchronous        : NO
Shift Register Minimum Size        : 2
Use DSP Block                      : Auto
Automatic Register Balancing       : No

---- Target Options
LUT Combining                      : Auto
Reduce Control Sets                : Auto
Add IO Buffers                     : YES
Global Maximum Fanout              : 100000
Add Generic Clock Buffer(BUFG)     : 32
Register Duplication               : YES
Optimize Instantiated Primitives   : NO
Use Clock Enable                   : Auto
Use Synchronous Set                : Auto
Use Synchronous Reset              : Auto
Pack IO Registers into IOBs        : Auto
Equivalent register Removal        : YES

---- General Options
Optimization Goal                  : Speed
Optimization Effort                : 1
Power Reduction                    : NO
Keep Hierarchy                     : No
Netlist Hierarchy                  : As_Optimized
RTL Output                         : Yes
Global Optimization                : AllClockNets
Read Cores                         : YES
Write Timing Constraints           : NO
Cross Clock Analysis               : NO
Hierarchy Separator                : /
Bus Delimiter                      : <>
Case Specifier                     : Maintain
Slice Utilization Ratio            : 100
BRAM Utilization Ratio             : 100
DSP48 Utilization Ratio            : 100
Auto BRAM Packing                  : NO
Slice Utilization Ratio Delta      : 5

=========================================================================


=========================================================================
*                          HDL Parsing                                  *
=========================================================================
Parsing VHDL file "/home/jednorozecxd/Desktop/UCISW2/Akcelerometr/SteeringBox.vhd" into library work
Parsing entity <SteeringBox>.
Parsing architecture <Behavioral> of entity <steeringbox>.
Parsing VHDL file "/home/jednorozecxd/Desktop/UCISW2-materialy/I2C_Master.vhd" into library work
Parsing entity <I2C_Master>.
Parsing architecture <STRUCTURE> of entity <i2c_master>.
Parsing VHDL file "/home/jednorozecxd/Desktop/UCISW2/Akcelerometr/scheme_1.vhf" into library work
Parsing entity <scheme_1>.
Parsing architecture <BEHAVIORAL> of entity <scheme_1>.

=========================================================================
*                            HDL Elaboration                            *
=========================================================================

Elaborating entity <scheme_1> (architecture <BEHAVIORAL>) from library <work>.

Elaborating entity <I2C_Master> (architecture <STRUCTURE>) from library <work>.

Elaborating entity <SteeringBox> (architecture <Behavioral>) from library <work>.
WARNING:HDLCompiler:92 - "/home/jednorozecxd/Desktop/UCISW2/Akcelerometr/SteeringBox.vhd" Line 61: state should be on the sensitivity list of the process
WARNING:HDLCompiler:92 - "/home/jednorozecxd/Desktop/UCISW2/Akcelerometr/SteeringBox.vhd" Line 77: reset should be on the sensitivity list of the process

=========================================================================
*                           HDL Synthesis                               *
=========================================================================

Synthesizing Unit <scheme_1>.
    Related source file is "/home/jednorozecxd/Desktop/UCISW2/Akcelerometr/scheme_1.vhf".
    Summary:
	no macro.
Unit <scheme_1> synthesized.

Synthesizing Unit <I2C_Master>.
    Related source file is "/home/jednorozecxd/Desktop/UCISW2-materialy/I2C_Master.vhd".
    Summary:
	no macro.
Unit <I2C_Master> synthesized.

Synthesizing Unit <SteeringBox>.
    Related source file is "/home/jednorozecxd/Desktop/UCISW2/Akcelerometr/SteeringBox.vhd".
WARNING:Xst:647 - Input <I2C_FIFO_Empty> is never used. This port will be preserved and left unconnected if it belongs to a top-level block or it belongs to a sub-block and the hierarchy of this sub-block is preserved.
WARNING:Xst:647 - Input <I2C_FIFO_Full> is never used. This port will be preserved and left unconnected if it belongs to a top-level block or it belongs to a sub-block and the hierarchy of this sub-block is preserved.
    Found 1-bit register for signal <X<7>>.
    Found 1-bit register for signal <X<6>>.
    Found 1-bit register for signal <X<5>>.
    Found 1-bit register for signal <X<4>>.
    Found 1-bit register for signal <X<3>>.
    Found 1-bit register for signal <X<2>>.
    Found 1-bit register for signal <X<1>>.
    Found 1-bit register for signal <X<0>>.
    Found 4-bit register for signal <STATE>.
    Found finite state machine <FSM_0> for signal <STATE>.
    -----------------------------------------------------------------------
    | States             | 9                                              |
    | Transitions        | 13                                             |
    | Inputs             | 3                                              |
    | Outputs            | 10                                             |
    | Clock              | Clk (rising_edge)                              |
    | Reset              | Reset (positive)                               |
    | Reset type         | synchronous                                    |
    | Reset State        | qreset                                         |
    | Power Up State     | qreset                                         |
    | Encoding           | auto                                           |
    | Implementation     | LUT                                            |
    -----------------------------------------------------------------------
    Summary:
	inferred   8 D-type flip-flop(s).
	inferred   1 Finite State Machine(s).
Unit <SteeringBox> synthesized.

=========================================================================
HDL Synthesis Report

Macro Statistics
# Registers                                            : 8
 1-bit register                                        : 8
# FSMs                                                 : 1

=========================================================================

=========================================================================
*                       Advanced HDL Synthesis                          *
=========================================================================


=========================================================================
Advanced HDL Synthesis Report

Macro Statistics
# Registers                                            : 60
 Flip-Flops                                            : 60
# FSMs                                                 : 1

=========================================================================

=========================================================================
*                         Low Level Synthesis                           *
=========================================================================
Analyzing FSM <MFsm> for best encoding.
Optimizing FSM <XLXI_5/FSM_0> on signal <STATE[1:9]> with one-hot encoding.
-------------------------
 State      | Encoding
-------------------------
 qreset     | 000000001
 qidle      | 000000010
 qpush      | 000000100
 qwrite     | 000001000
 qbusywrite | 000010000
 qread      | 000100000
 qbusyread  | 001000000
 qpop       | 010000000
 qend       | 100000000
-------------------------

Optimizing unit <scheme_1> ...

Optimizing unit <I2C_Master> ...

Optimizing unit <SteeringBox> ...
INFO:Xst:2261 - The FF/Latch <XLXI_1/state_FSM_FFd6> in Unit <scheme_1> is equivalent to the following FF/Latch, which will be removed : <XLXI_5/STATE_FSM_FFd9> 

Mapping all equations...
Building and optimizing final netlist ...
Found area constraint ratio of 100 (+ 5) on block scheme_1, actual ratio is 0.

Final Macro Processing ...

=========================================================================
Final Register Report

Macro Statistics
# Registers                                            : 67
 Flip-Flops                                            : 67

=========================================================================

=========================================================================
*                           Partition Report                            *
=========================================================================

Partition Implementation Status
-------------------------------

  No Partitions were found in this design.

-------------------------------

=========================================================================
*                            Design Summary                             *
=========================================================================

Top Level Output File Name         : scheme_1.ngc

Primitive and Black Box Usage:
------------------------------
# BELS                             : 157
#      GND                         : 1
#      INV                         : 5
#      LUT1                        : 7
#      LUT2                        : 17
#      LUT2_D                      : 1
#      LUT2_L                      : 3
#      LUT3                        : 14
#      LUT3_D                      : 2
#      LUT3_L                      : 1
#      LUT4                        : 71
#      LUT4_D                      : 5
#      LUT4_L                      : 5
#      MUXCY                       : 7
#      MUXF5                       : 9
#      VCC                         : 1
#      XORCY                       : 8
# FlipFlops/Latches                : 67
#      FDE                         : 29
#      FDR                         : 19
#      FDRE                        : 16
#      FDS                         : 3
# RAMS                             : 8
#      RAM16X1D                    : 8
# Clock Buffers                    : 1
#      BUFGP                       : 1
# IO Buffers                       : 13
#      IBUF                        : 2
#      IOBUF                       : 2
#      OBUF                        : 9

Device utilization summary:
---------------------------

Selected Device : 7a100tcsg324-3 


Slice Logic Utilization: 
 Number of Slice Registers:              67  out of  126800     0%  
 Number of Slice LUTs:                  147  out of  63400     0%  
    Number used as Logic:               131  out of  63400     0%  
    Number used as Memory:               16  out of  19000     0%  
       Number used as RAM:               16

Slice Logic Distribution: 
 Number of LUT Flip Flop pairs used:    164
   Number with an unused Flip Flop:      97  out of    164    59%  
   Number with an unused LUT:            17  out of    164    10%  
   Number of fully used LUT-FF pairs:    50  out of    164    30%  
   Number of unique control sets:        18

IO Utilization: 
 Number of IOs:                          54
 Number of bonded IOBs:                  14  out of    210     6%  

Specific Feature Utilization:
 Number of BUFG/BUFGCTRLs:                1  out of     32     3%  

---------------------------
Partition Resource Summary:
---------------------------

  No Partitions were found in this design.

---------------------------


=========================================================================
Timing Report

NOTE: THESE TIMING NUMBERS ARE ONLY A SYNTHESIS ESTIMATE.
      FOR ACCURATE TIMING INFORMATION PLEASE REFER TO THE TRACE REPORT
      GENERATED AFTER PLACE-and-ROUTE.

Clock Information:
------------------
-----------------------------------+------------------------+-------+
Clock Signal                       | Clock buffer(FF name)  | Load  |
-----------------------------------+------------------------+-------+
Clk                                | BUFGP                  | 75    |
-----------------------------------+------------------------+-------+

Asynchronous Control Signals Information:
----------------------------------------
No asynchronous control signals found in this design

Timing Summary:
---------------
Speed Grade: -3

   Minimum period: 4.067ns (Maximum Frequency: 245.863MHz)
   Minimum input arrival time before clock: 2.312ns
   Maximum output required time after clock: 0.645ns
   Maximum combinational path delay: No path found

Timing Details:
---------------
All values displayed in nanoseconds (ns)

=========================================================================
Timing constraint: Default period analysis for Clock 'Clk'
  Clock period: 4.067ns (frequency: 245.863MHz)
  Total number of paths / destination ports: 1571 / 206
-------------------------------------------------------------------------
Delay:               4.067ns (Levels of Logic = 4)
  Source:            XLXI_1/cntSCL_5 (FF)
  Destination:       XLXI_1/i_FIFO_iFull (FF)
  Source Clock:      Clk rising
  Destination Clock: Clk rising

  Data Path: XLXI_1/cntSCL_5 to XLXI_1/i_FIFO_iFull
                                Gate     Net
    Cell:in->out      fanout   Delay   Delay  Logical Name (Net Name)
    ----------------------------------------  ------------
     FDR:C->Q             11   0.361   0.342  XLXI_1/cntSCL_5 (XLXI_1/cntSCL<5>)
     LUT2:I1->O            2   0.495   0.299  XLXI_1/SDAout_mux000332_SW0 (XLXI_1/N71)
     LUT4:I3->O           15   0.495   0.360  XLXI_1/sclEnd_cmp_eq00001 (XLXI_1/sclEnd)
     LUT4:I3->O           13   0.495   0.351  XLXI_1/i_FIFO_DoPush40 (XLXI_1/i_FIFO_DoPush)
     LUT3:I2->O            1   0.495   0.279  XLXI_1/i_FIFO_iFull_and000096 (XLXI_1/i_FIFO_iFull_and0000)
     FDRE:CE                   0.095          XLXI_1/i_FIFO_iFull
    ----------------------------------------
    Total                      4.067ns (2.436ns logic, 1.631ns route)
                                       (59.9% logic, 40.1% route)

=========================================================================
Timing constraint: Default OFFSET IN BEFORE for Clock 'Clk'
  Total number of paths / destination ports: 29 / 26
-------------------------------------------------------------------------
Offset:              2.312ns (Levels of Logic = 3)
  Source:            Reset (PAD)
  Destination:       XLXI_1/i_FIFO_iEmpty (FF)
  Destination Clock: Clk rising

  Data Path: Reset to XLXI_1/i_FIFO_iEmpty
                                Gate     Net
    Cell:in->out      fanout   Delay   Delay  Logical Name (Net Name)
    ----------------------------------------  ------------
     IBUF:I->O            24   0.001   0.614  Reset_IBUF (Reset_IBUF)
     LUT3:I0->O            1   0.279   0.379  XLXI_1/i_FIFO_DoPush40_SW0 (XLXI_1/N79)
     LUT4:I2->O            1   0.411   0.279  XLXI_1/i_FIFO_iEmpty_or00001 (XLXI_1/i_FIFO_iEmpty_or0000)
     FDRE:R                    0.349          XLXI_1/i_FIFO_iEmpty
    ----------------------------------------
    Total                      2.312ns (1.040ns logic, 1.272ns route)
                                       (45.0% logic, 55.0% route)

=========================================================================
Timing constraint: Default OFFSET OUT AFTER for Clock 'Clk'
  Total number of paths / destination ports: 11 / 11
-------------------------------------------------------------------------
Offset:              0.645ns (Levels of Logic = 1)
  Source:            XLXI_1/SCLout (FF)
  Destination:       SCL (PAD)
  Source Clock:      Clk rising

  Data Path: XLXI_1/SCLout to SCL
                                Gate     Net
    Cell:in->out      fanout   Delay   Delay  Logical Name (Net Name)
    ----------------------------------------  ------------
     FDS:C->Q              2   0.361   0.283  XLXI_1/SCLout (XLXI_1/SCLout_116)
     IOBUF:T->IO               0.000          XLXI_1/IOB2 (SCL)
    ----------------------------------------
    Total                      0.645ns (0.361ns logic, 0.283ns route)
                                       (56.0% logic, 44.0% route)

=========================================================================

Cross Clock Domains Report:
--------------------------

Clock to Setup on destination clock Clk
---------------+---------+---------+---------+---------+
               | Src:Rise| Src:Fall| Src:Rise| Src:Fall|
Source Clock   |Dest:Rise|Dest:Rise|Dest:Fall|Dest:Fall|
---------------+---------+---------+---------+---------+
Clk            |    4.067|         |         |         |
---------------+---------+---------+---------+---------+

=========================================================================


Total REAL time to Xst completion: 5.00 secs
Total CPU time to Xst completion: 4.77 secs
 
--> 


Total memory usage is 506052 kilobytes

Number of errors   :    0 (   0 filtered)
Number of warnings :    4 (   0 filtered)
Number of infos    :    1 (   0 filtered)

